// Jest Snapshot v1, https://goo.gl/fbAQLP

exports[`containers "MD_DENDRON: NOT_ENABLED" 1`] = `
VFile {
  "contents": "::: aside class-one class-two

# Header One

With container contents. 
:::

",
  "cwd": "<PROJECT_ROOT>",
  "data": Object {},
  "history": Array [],
  "messages": Array [],
}
`;

exports[`containers "MD_DENDRON: REGULAR_CASE" 1`] = `
VFile {
  "contents": "::: aside class-one class-two

# Header One

With container contents. 
:::

",
  "cwd": "<PROJECT_ROOT>",
  "data": Object {},
  "history": Array [],
  "messages": Array [],
}
`;
