// Jest Snapshot v1, https://goo.gl/fbAQLP

exports[`engine, notes/ render "CUSTOM_FM" 1`] = `
"<h1 id=\\"fm\\">Fm</h1>
<p>egg</p>
<p>title: Fm</p>"
`;

exports[`engine, notes/ render "EMPTY_NOTE" 1`] = `"<h1 id=\\"empty\\">Empty</h1>"`;
