// Jest Snapshot v1, https://goo.gl/fbAQLP

exports[`WorkspaceService create basic 1`] = `
"node_modules
.dendron.*
build

"
`;

exports[`WorkspaceService initialize remote seed present 1`] = `".git .gitignore dendron.code-workspace dendron.yml seed.yml vault"`;

exports[`WorkspaceService initialize remote seed present 2`] = `"dendron.code-workspace dendron.yml hooks seeds vault1 vault2 vault3"`;