// Jest Snapshot v1, https://goo.gl/fbAQLP

exports[`GIVEN mermaid WHEN execute "HTML: WITH_MERMAID: PUBLISHING" 1`] = `
VFile {
  "contents": "<h1 id=\\"foo\\">Foo<a aria-hidden=\\"true\\" class=\\"anchor-heading icon-link\\" href=\\"#foo\\"></a></h1>
<h1 id=\\"mermaid-code-block\\">mermaid code block<a aria-hidden=\\"true\\" class=\\"anchor-heading icon-link\\" href=\\"#mermaid-code-block\\"></a></h1>
<div class=\\"mermaid\\">
  graph LR
Start --> Stop
</div>
<hr>
<strong>Children</strong>
<ol>
<li><a href=\\"/notes/foo.ch1\\">Ch1</a></li>
</ol>",
  "cwd": "<PROJECT_ROOT>",
  "data": Object {},
  "history": Array [],
  "messages": Array [
    [11:1-14:4: mermaid code block replaced with div],
  ],
}
`;
