// Jest Snapshot v1, https://goo.gl/fbAQLP

exports[`GIVEN noteRef plugin WHEN assetPrefix set "HTML: ASSET_PREFIX_SET: PUBLISHING" 1`] = `
VFile {
  "contents": "<h1 id=\\"foo\\">Foo<a aria-hidden=\\"true\\" class=\\"anchor-heading icon-link\\" href=\\"#foo\\"></a></h1>
<p></p><p></p><div class=\\"portal-container\\">
<div class=\\"portal-head\\">
<div class=\\"portal-backlink\\">
<div class=\\"portal-title\\">From <span class=\\"portal-text-title\\">Bar</span></div>
<a href=\\"/some-prefix/notes/bar\\" class=\\"portal-arrow\\">Go to text <span class=\\"right-arrow\\">→</span></a>
</div>
</div>
<div id=\\"portal-parent-anchor\\" class=\\"portal-parent\\" markdown=\\"1\\">
<div class=\\"portal-parent-fader-top\\"></div>
<div class=\\"portal-parent-fader-bottom\\"></div><p>bar body</p>
</div></div><p></p><p></p>
<hr>
<strong>Children</strong>
<ol>
<li><a href=\\"/some-prefix/notes/foo.ch1\\">Ch1</a></li>
</ol>",
  "cwd": "<PROJECT_ROOT>",
  "data": Object {},
  "history": Array [],
  "messages": Array [],
}
`;

exports[`GIVEN noteRef plugin WHEN note ref to html AND prettyLinks = true "HTML: NOTE_REF_WITH_REHYPE: PREVIEW" 1`] = `
VFile {
  "contents": "<h1 id=\\"foo\\">Foo</h1>
<p></p><p></p><div class=\\"portal-container\\">
<div class=\\"portal-head\\">
<div class=\\"portal-backlink\\">
<div class=\\"portal-title\\">From <span class=\\"portal-text-title\\">Alpha</span></div>
<a href=\\"alpha-id\\" class=\\"portal-arrow\\">Go to text <span class=\\"right-arrow\\">→</span></a>
</div>
</div>
<div id=\\"portal-parent-anchor\\" class=\\"portal-parent\\" markdown=\\"1\\">
<div class=\\"portal-parent-fader-top\\"></div>
<div class=\\"portal-parent-fader-bottom\\"></div><p><a href=\\"bar\\">Bar</a></p>
</div></div><p></p><p></p>
<hr>
<strong>Children</strong>
<ol>
<li><a href=\\"foo.ch1\\">Ch1</a></li>
</ol>",
  "cwd": "<PROJECT_ROOT>",
  "data": Object {},
  "history": Array [],
  "messages": Array [],
}
`;

exports[`GIVEN noteRef plugin WHEN note ref to html AND prettyLinks = true "HTML: NOTE_REF_WITH_REHYPE: PREVIEW" 2`] = `
VFile {
  "contents": "<h1 id=\\"foo\\">Foo</h1>
<p></p><p></p><div class=\\"portal-container\\">
<div class=\\"portal-head\\">
<div class=\\"portal-backlink\\">
<div class=\\"portal-title\\">From <span class=\\"portal-text-title\\">Alpha</span></div>
<a href=\\"alpha-id\\" class=\\"portal-arrow\\">Go to text <span class=\\"right-arrow\\">→</span></a>
</div>
</div>
<div id=\\"portal-parent-anchor\\" class=\\"portal-parent\\" markdown=\\"1\\">
<div class=\\"portal-parent-fader-top\\"></div>
<div class=\\"portal-parent-fader-bottom\\"></div><p><a href=\\"bar\\">Bar</a></p>
</div></div><p></p><p></p>
<hr>
<strong>Children</strong>
<ol>
<li><a href=\\"foo.ch1\\">Ch1</a></li>
</ol>",
  "cwd": "<PROJECT_ROOT>",
  "data": Object {},
  "history": Array [],
  "messages": Array [],
}
`;

exports[`GIVEN noteRef plugin WHEN note ref to html AND prettyLinks = true "HTML: NOTE_REF_WITH_REHYPE: PUBLISHING" 1`] = `
VFile {
  "contents": "<h1 id=\\"foo\\">Foo<a aria-hidden=\\"true\\" class=\\"anchor-heading icon-link\\" href=\\"#foo\\"></a></h1>
<p></p><p></p><div class=\\"portal-container\\">
<div class=\\"portal-head\\">
<div class=\\"portal-backlink\\">
<div class=\\"portal-title\\">From <span class=\\"portal-text-title\\">Alpha</span></div>
<a href=\\"/notes/alpha-id\\" class=\\"portal-arrow\\">Go to text <span class=\\"right-arrow\\">→</span></a>
</div>
</div>
<div id=\\"portal-parent-anchor\\" class=\\"portal-parent\\" markdown=\\"1\\">
<div class=\\"portal-parent-fader-top\\"></div>
<div class=\\"portal-parent-fader-bottom\\"></div><p><a href=\\"/notes/bar\\">Bar</a></p>
</div></div><p></p><p></p>
<hr>
<strong>Children</strong>
<ol>
<li><a href=\\"/notes/foo.ch1\\">Ch1</a></li>
</ol>",
  "cwd": "<PROJECT_ROOT>",
  "data": Object {},
  "history": Array [],
  "messages": Array [],
}
`;

exports[`GIVEN noteRef plugin WHEN note ref to html AND prettyLinks = true "HTML: NOTE_REF_WITH_REHYPE: REGULAR" 1`] = `
VFile {
  "contents": "<h1 id=\\"foo\\">Foo</h1>
<p></p><p></p><div class=\\"portal-container\\">
<div class=\\"portal-head\\">
<div class=\\"portal-backlink\\">
<div class=\\"portal-title\\">From <span class=\\"portal-text-title\\">Alpha</span></div>
<a href=\\"alpha-id\\" class=\\"portal-arrow\\">Go to text <span class=\\"right-arrow\\">→</span></a>
</div>
</div>
<div id=\\"portal-parent-anchor\\" class=\\"portal-parent\\" markdown=\\"1\\">
<div class=\\"portal-parent-fader-top\\"></div>
<div class=\\"portal-parent-fader-bottom\\"></div><p><a href=\\"bar\\">Bar</a></p>
</div></div><p></p><p></p>
<hr>
<strong>Children</strong>
<ol>
<li><a href=\\"foo.ch1\\">Ch1</a></li>
</ol>",
  "cwd": "<PROJECT_ROOT>",
  "data": Object {},
  "history": Array [],
  "messages": Array [],
}
`;

exports[`GIVEN noteRef plugin WHEN note ref to html AND prettyLinks = true "HTML: NOTE_REF_WITH_REHYPE: REGULAR" 2`] = `
VFile {
  "contents": "<h1 id=\\"foo\\">Foo</h1>
<p></p><p></p><div class=\\"portal-container\\">
<div class=\\"portal-head\\">
<div class=\\"portal-backlink\\">
<div class=\\"portal-title\\">From <span class=\\"portal-text-title\\">Alpha</span></div>
<a href=\\"alpha-id\\" class=\\"portal-arrow\\">Go to text <span class=\\"right-arrow\\">→</span></a>
</div>
</div>
<div id=\\"portal-parent-anchor\\" class=\\"portal-parent\\" markdown=\\"1\\">
<div class=\\"portal-parent-fader-top\\"></div>
<div class=\\"portal-parent-fader-bottom\\"></div><p><a href=\\"bar\\">Bar</a></p>
</div></div><p></p><p></p>
<hr>
<strong>Children</strong>
<ol>
<li><a href=\\"foo.ch1\\">Ch1</a></li>
</ol>",
  "cwd": "<PROJECT_ROOT>",
  "data": Object {},
  "history": Array [],
  "messages": Array [],
}
`;
