// Jest Snapshot v1, https://goo.gl/fbAQLP

exports[`compilev2 compile "HTML: TITLE_IN_FM" 1`] = `
VFile {
  "contents": "# Foo

# Foo Bar

<div class=\\"portal-container\\">
<div class=\\"portal-head\\">
<div class=\\"portal-backlink\\" >
<div class=\\"portal-title\\">From <span class=\\"portal-text-title\\">foo</span></div>
<a href=\\"foo.html\\" class=\\"portal-arrow\\">Go to text <span class=\\"right-arrow\\">→</span></a>
</div>
</div>
<div id=\\"portal-parent-anchor\\" class=\\"portal-parent\\" markdown=\\"1\\">
<div class=\\"portal-parent-fader-top\\"></div>
<div class=\\"portal-parent-fader-bottom\\"></div>
# Tasks


</div>    
</div>

",
  "cwd": "<PROJECT_ROOT>",
  "data": Object {},
  "history": Array [],
  "messages": Array [],
}
`;

exports[`compilev2 compile "HTML: recursive" 1`] = `
VFile {
  "contents": "<div class=\\"portal-container\\">
<div class=\\"portal-head\\">
<div class=\\"portal-backlink\\" >
<div class=\\"portal-title\\">From <span class=\\"portal-text-title\\">foo</span></div>
<a href=\\"foo.html\\" class=\\"portal-arrow\\">Go to text <span class=\\"right-arrow\\">→</span></a>
</div>
</div>
<div id=\\"portal-parent-anchor\\" class=\\"portal-parent\\" markdown=\\"1\\">
<div class=\\"portal-parent-fader-top\\"></div>
<div class=\\"portal-parent-fader-bottom\\"></div>
<div class=\\"portal-container\\">
<div class=\\"portal-head\\">
<div class=\\"portal-backlink\\" >
<div class=\\"portal-title\\">From <span class=\\"portal-text-title\\">foo.one</span></div>
<a href=\\"foo.one.html\\" class=\\"portal-arrow\\">Go to text <span class=\\"right-arrow\\">→</span></a>
</div>
</div>
<div id=\\"portal-parent-anchor\\" class=\\"portal-parent\\" markdown=\\"1\\">
<div class=\\"portal-parent-fader-top\\"></div>
<div class=\\"portal-parent-fader-bottom\\"></div>        

# Foo.One

<div class=\\"portal-container\\">
<div class=\\"portal-head\\">
<div class=\\"portal-backlink\\" >
<div class=\\"portal-title\\">From <span class=\\"portal-text-title\\">foo.two</span></div>
<a href=\\"foo.two.html\\" class=\\"portal-arrow\\">Go to text <span class=\\"right-arrow\\">→</span></a>
</div>
</div>
<div id=\\"portal-parent-anchor\\" class=\\"portal-parent\\" markdown=\\"1\\">
<div class=\\"portal-parent-fader-top\\"></div>
<div class=\\"portal-parent-fader-bottom\\"></div>        

# Foo.Two

blah

</div>    
</div>

Regular wikilink: [foo.two](foo.two.html)

</div>    
</div>


</div>    
</div>

",
  "cwd": "<PROJECT_ROOT>",
  "data": Object {},
  "history": Array [],
  "messages": Array [],
}
`;

exports[`compilev2 compile "HTML: regular" 1`] = `
VFile {
  "contents": "<div class=\\"portal-container\\">
<div class=\\"portal-head\\">
<div class=\\"portal-backlink\\" >
<div class=\\"portal-title\\">From <span class=\\"portal-text-title\\">foo</span></div>
<a href=\\"foo.html\\" class=\\"portal-arrow\\">Go to text <span class=\\"right-arrow\\">→</span></a>
</div>
</div>
<div id=\\"portal-parent-anchor\\" class=\\"portal-parent\\" markdown=\\"1\\">
<div class=\\"portal-parent-fader-top\\"></div>
<div class=\\"portal-parent-fader-bottom\\"></div>
foo body


</div>    
</div>

",
  "cwd": "<PROJECT_ROOT>",
  "data": Object {},
  "history": Array [],
  "messages": Array [],
}
`;

exports[`compilev2 compile "HTML: wildcard" 1`] = `
VFile {
  "contents": "<div class=\\"portal-container\\">
<div class=\\"portal-head\\">
<div class=\\"portal-backlink\\" >
<div class=\\"portal-title\\">From <span class=\\"portal-text-title\\">journal.2020.08.01</span></div>
<a href=\\"journal.2020.08.01.html\\" class=\\"portal-arrow\\">Go to text <span class=\\"right-arrow\\">→</span></a>
</div>
</div>
<div id=\\"portal-parent-anchor\\" class=\\"portal-parent\\" markdown=\\"1\\">
<div class=\\"portal-parent-fader-top\\"></div>
<div class=\\"portal-parent-fader-bottom\\"></div>
journal1


</div>    
</div><div class=\\"portal-container\\">
<div class=\\"portal-head\\">
<div class=\\"portal-backlink\\" >
<div class=\\"portal-title\\">From <span class=\\"portal-text-title\\">journal.2020.08.02</span></div>
<a href=\\"journal.2020.08.02.html\\" class=\\"portal-arrow\\">Go to text <span class=\\"right-arrow\\">→</span></a>
</div>
</div>
<div id=\\"portal-parent-anchor\\" class=\\"portal-parent\\" markdown=\\"1\\">
<div class=\\"portal-parent-fader-top\\"></div>
<div class=\\"portal-parent-fader-bottom\\"></div>
journal2


</div>    
</div><div class=\\"portal-container\\">
<div class=\\"portal-head\\">
<div class=\\"portal-backlink\\" >
<div class=\\"portal-title\\">From <span class=\\"portal-text-title\\">journal.2020.08.03</span></div>
<a href=\\"journal.2020.08.03.html\\" class=\\"portal-arrow\\">Go to text <span class=\\"right-arrow\\">→</span></a>
</div>
</div>
<div id=\\"portal-parent-anchor\\" class=\\"portal-parent\\" markdown=\\"1\\">
<div class=\\"portal-parent-fader-top\\"></div>
<div class=\\"portal-parent-fader-bottom\\"></div>
journal3


</div>    
</div>

",
  "cwd": "<PROJECT_ROOT>",
  "data": Object {},
  "history": Array [],
  "messages": Array [],
}
`;

exports[`compilev2 compile "MD_DENDRON: TITLE_IN_FM" 1`] = `
VFile {
  "contents": "# Foo Bar

((ref:[[foo]]#foo:#*))

",
  "cwd": "<PROJECT_ROOT>",
  "data": Object {},
  "history": Array [],
  "messages": Array [],
}
`;

exports[`compilev2 compile "MD_DENDRON: recursive" 1`] = `
VFile {
  "contents": "((ref:[[foo]]))

",
  "cwd": "<PROJECT_ROOT>",
  "data": Object {},
  "history": Array [],
  "messages": Array [],
}
`;

exports[`compilev2 compile "MD_DENDRON: regular" 1`] = `
VFile {
  "contents": "((ref:[[foo]]))

",
  "cwd": "<PROJECT_ROOT>",
  "data": Object {},
  "history": Array [],
  "messages": Array [],
}
`;

exports[`compilev2 compile "MD_DENDRON: wildcard" 1`] = `
VFile {
  "contents": "((ref:[[journal.2020.08.*]]))

",
  "cwd": "<PROJECT_ROOT>",
  "data": Object {},
  "history": Array [],
  "messages": Array [],
}
`;

exports[`compilev2 compile "MD_ENHANCED_PREVIEW: TITLE_IN_FM" 1`] = `
VFile {
  "contents": "# Foo

# Foo Bar


<div class=\\"portal-container\\">
<div class=\\"portal-head\\">
<div class=\\"portal-backlink\\" >
<div class=\\"portal-title\\">From <span class=\\"portal-text-title\\">foo</span></div>
<a href=\\"foo.md\\" class=\\"portal-arrow\\">Go to text <span class=\\"right-arrow\\">→</span></a>
</div>
</div>
<div id=\\"portal-parent-anchor\\" class=\\"portal-parent\\" markdown=\\"1\\">
<div class=\\"portal-parent-fader-top\\"></div>
<div class=\\"portal-parent-fader-bottom\\"></div>        

# Foo

# Tasks

</div>    
</div>

",
  "cwd": "<PROJECT_ROOT>",
  "data": Object {},
  "history": Array [],
  "messages": Array [],
}
`;

exports[`compilev2 compile "MD_ENHANCED_PREVIEW: recursive" 1`] = `
VFile {
  "contents": "
<div class=\\"portal-container\\">
<div class=\\"portal-head\\">
<div class=\\"portal-backlink\\" >
<div class=\\"portal-title\\">From <span class=\\"portal-text-title\\">foo</span></div>
<a href=\\"foo.md\\" class=\\"portal-arrow\\">Go to text <span class=\\"right-arrow\\">→</span></a>
</div>
</div>
<div id=\\"portal-parent-anchor\\" class=\\"portal-parent\\" markdown=\\"1\\">
<div class=\\"portal-parent-fader-top\\"></div>
<div class=\\"portal-parent-fader-bottom\\"></div>        

<div class=\\"portal-container\\">
<div class=\\"portal-head\\">
<div class=\\"portal-backlink\\" >
<div class=\\"portal-title\\">From <span class=\\"portal-text-title\\">foo.one</span></div>
<a href=\\"foo.one.md\\" class=\\"portal-arrow\\">Go to text <span class=\\"right-arrow\\">→</span></a>
</div>
</div>
<div id=\\"portal-parent-anchor\\" class=\\"portal-parent\\" markdown=\\"1\\">
<div class=\\"portal-parent-fader-top\\"></div>
<div class=\\"portal-parent-fader-bottom\\"></div>        

# Foo.One

<div class=\\"portal-container\\">
<div class=\\"portal-head\\">
<div class=\\"portal-backlink\\" >
<div class=\\"portal-title\\">From <span class=\\"portal-text-title\\">foo.two</span></div>
<a href=\\"foo.two.md\\" class=\\"portal-arrow\\">Go to text <span class=\\"right-arrow\\">→</span></a>
</div>
</div>
<div id=\\"portal-parent-anchor\\" class=\\"portal-parent\\" markdown=\\"1\\">
<div class=\\"portal-parent-fader-top\\"></div>
<div class=\\"portal-parent-fader-bottom\\"></div>        

# Foo.Two

blah

</div>    
</div>

Regular wikilink: [foo.two](foo.two.md)

</div>    
</div>

</div>    
</div>

",
  "cwd": "<PROJECT_ROOT>",
  "data": Object {},
  "history": Array [],
  "messages": Array [],
}
`;

exports[`compilev2 compile "MD_ENHANCED_PREVIEW: regular" 1`] = `
VFile {
  "contents": "
<div class=\\"portal-container\\">
<div class=\\"portal-head\\">
<div class=\\"portal-backlink\\" >
<div class=\\"portal-title\\">From <span class=\\"portal-text-title\\">foo</span></div>
<a href=\\"foo.md\\" class=\\"portal-arrow\\">Go to text <span class=\\"right-arrow\\">→</span></a>
</div>
</div>
<div id=\\"portal-parent-anchor\\" class=\\"portal-parent\\" markdown=\\"1\\">
<div class=\\"portal-parent-fader-top\\"></div>
<div class=\\"portal-parent-fader-bottom\\"></div>        

foo body

</div>    
</div>

",
  "cwd": "<PROJECT_ROOT>",
  "data": Object {},
  "history": Array [],
  "messages": Array [],
}
`;

exports[`compilev2 compile "MD_ENHANCED_PREVIEW: wildcard" 1`] = `
VFile {
  "contents": "
<div class=\\"portal-container\\">
<div class=\\"portal-head\\">
<div class=\\"portal-backlink\\" >
<div class=\\"portal-title\\">From <span class=\\"portal-text-title\\">journal.2020.08.01</span></div>
<a href=\\"journal.2020.08.01.md\\" class=\\"portal-arrow\\">Go to text <span class=\\"right-arrow\\">→</span></a>
</div>
</div>
<div id=\\"portal-parent-anchor\\" class=\\"portal-parent\\" markdown=\\"1\\">
<div class=\\"portal-parent-fader-top\\"></div>
<div class=\\"portal-parent-fader-bottom\\"></div>        

journal1

</div>    
</div>


<div class=\\"portal-container\\">
<div class=\\"portal-head\\">
<div class=\\"portal-backlink\\" >
<div class=\\"portal-title\\">From <span class=\\"portal-text-title\\">journal.2020.08.02</span></div>
<a href=\\"journal.2020.08.02.md\\" class=\\"portal-arrow\\">Go to text <span class=\\"right-arrow\\">→</span></a>
</div>
</div>
<div id=\\"portal-parent-anchor\\" class=\\"portal-parent\\" markdown=\\"1\\">
<div class=\\"portal-parent-fader-top\\"></div>
<div class=\\"portal-parent-fader-bottom\\"></div>        

journal2

</div>    
</div>


<div class=\\"portal-container\\">
<div class=\\"portal-head\\">
<div class=\\"portal-backlink\\" >
<div class=\\"portal-title\\">From <span class=\\"portal-text-title\\">journal.2020.08.03</span></div>
<a href=\\"journal.2020.08.03.md\\" class=\\"portal-arrow\\">Go to text <span class=\\"right-arrow\\">→</span></a>
</div>
</div>
<div id=\\"portal-parent-anchor\\" class=\\"portal-parent\\" markdown=\\"1\\">
<div class=\\"portal-parent-fader-top\\"></div>
<div class=\\"portal-parent-fader-bottom\\"></div>        

journal3

</div>    
</div>

",
  "cwd": "<PROJECT_ROOT>",
  "data": Object {},
  "history": Array [],
  "messages": Array [],
}
`;

exports[`compilev2 compile "MD_REGULAR: recursive" 1`] = `
VFile {
  "contents": "# Foo.One

# Foo.Two

blah

Regular wikilink: [foo.two](foo.two)


",
  "cwd": "<PROJECT_ROOT>",
  "data": Object {},
  "history": Array [],
  "messages": Array [],
}
`;

exports[`compilev2 compile "MD_REGULAR: regular" 1`] = `
VFile {
  "contents": "foo body


",
  "cwd": "<PROJECT_ROOT>",
  "data": Object {},
  "history": Array [],
  "messages": Array [],
}
`;

exports[`compilev2 compile "MD_REGULAR: wildcard" 1`] = `
VFile {
  "contents": "journal1

journal2

journal3


",
  "cwd": "<PROJECT_ROOT>",
  "data": Object {},
  "history": Array [],
  "messages": Array [],
}
`;

exports[`parse doesn't parse inline code block: bond 1`] = `
Object {
  "children": Array [
    Object {
      "children": Array [
        Object {
          "position": Position {
            "end": Object {
              "column": 22,
              "line": 1,
              "offset": 21,
            },
            "indent": Array [],
            "start": Object {
              "column": 1,
              "line": 1,
              "offset": 0,
            },
          },
          "type": "inlineCode",
          "value": "((ref: [[foo.md]]))",
        },
      ],
      "position": Position {
        "end": Object {
          "column": 22,
          "line": 1,
          "offset": 21,
        },
        "indent": Array [],
        "start": Object {
          "column": 1,
          "line": 1,
          "offset": 0,
        },
      },
      "type": "paragraph",
    },
  ],
  "position": Object {
    "end": Object {
      "column": 22,
      "line": 1,
      "offset": 21,
    },
    "start": Object {
      "column": 1,
      "line": 1,
      "offset": 0,
    },
  },
  "type": "root",
}
`;

exports[`parse init 1`] = `
Object {
  "children": Array [
    Object {
      "children": Array [
        Object {
          "data": Object {
            "alias": "ref: [[foo",
            "link": Object {
              "data": Object {
                "type": "file",
              },
              "from": Object {
                "fname": "foo",
              },
              "type": "ref",
            },
          },
          "position": Position {
            "end": Object {
              "column": 20,
              "line": 1,
              "offset": 19,
            },
            "indent": Array [],
            "start": Object {
              "column": 1,
              "line": 1,
              "offset": 0,
            },
          },
          "type": "refLink",
          "value": "ref: [[foo",
        },
      ],
      "position": Position {
        "end": Object {
          "column": 20,
          "line": 1,
          "offset": 19,
        },
        "indent": Array [],
        "start": Object {
          "column": 1,
          "line": 1,
          "offset": 0,
        },
      },
      "type": "paragraph",
    },
  ],
  "position": Object {
    "end": Object {
      "column": 20,
      "line": 1,
      "offset": 19,
    },
    "start": Object {
      "column": 1,
      "line": 1,
      "offset": 0,
    },
  },
  "type": "root",
}
`;

exports[`parse init with inject 1`] = `
Object {
  "children": Array [
    Object {
      "children": Array [
        Object {
          "data": Object {
            "alias": "ref: [[foo",
            "link": Object {
              "data": Object {
                "type": "file",
              },
              "from": Object {
                "fname": "foo",
              },
              "type": "ref",
            },
          },
          "position": Position {
            "end": Object {
              "column": 20,
              "line": 1,
              "offset": 19,
            },
            "indent": Array [],
            "start": Object {
              "column": 1,
              "line": 1,
              "offset": 0,
            },
          },
          "type": "refLink",
          "value": "ref: [[foo",
        },
      ],
      "position": Position {
        "end": Object {
          "column": 20,
          "line": 1,
          "offset": 19,
        },
        "indent": Array [],
        "start": Object {
          "column": 1,
          "line": 1,
          "offset": 0,
        },
      },
      "type": "paragraph",
    },
  ],
  "position": Object {
    "end": Object {
      "column": 20,
      "line": 1,
      "offset": 19,
    },
    "start": Object {
      "column": 1,
      "line": 1,
      "offset": 0,
    },
  },
  "type": "root",
}
`;

exports[`parse init with inject 2`] = `
Object {
  "children": Array [
    Object {
      "children": Array [
        Object {
          "children": Array [
            Object {
              "children": Array [
                Object {
                  "children": Array [
                    Object {
                      "type": "text",
                      "value": "error processing ref",
                    },
                  ],
                  "type": "paragraph",
                },
              ],
              "type": "root",
            },
          ],
          "type": "paragraph",
        },
      ],
      "position": Position {
        "end": Object {
          "column": 20,
          "line": 1,
          "offset": 19,
        },
        "indent": Array [],
        "start": Object {
          "column": 1,
          "line": 1,
          "offset": 0,
        },
      },
      "type": "paragraph",
    },
  ],
  "position": Object {
    "end": Object {
      "column": 20,
      "line": 1,
      "offset": 19,
    },
    "start": Object {
      "column": 1,
      "line": 1,
      "offset": 0,
    },
  },
  "type": "root",
}
`;
