// Jest Snapshot v1, https://goo.gl/fbAQLP

exports[`graphviz export pod basic: graphviz contents 1`] = `
"graph {
    note_0a4dc8f3033b4488a99e69e9707ae106 [label=\\"Root\\"];
	note_bar [label=\\"Bar\\"];
	note_0a4dc8f3033b4488a99e69e9707ae106 -- note_bar;
	note_foo [label=\\"Foo\\"];
	note_0a4dc8f3033b4488a99e69e9707ae106 -- note_foo;
	note_foo.ch1 [label=\\"Ch1\\"];
	note_foo -- note_foo.ch1;
	note_0c317cd06a424382bb4c1dc09a39ebd7 [label=\\"Root\\"];
	note_7bc74f7b3de040d09319d120576bb9d4 [label=\\"Root\\"];
}"
`;
