// Jest Snapshot v1, https://goo.gl/fbAQLP

exports[`markdown export pod basic: foo contents 1`] = `
"# Foo

foo body"
`;

exports[`markdown publish pod basic 1`] = `
"# Foo

foo body"
`;

exports[`markdown publish pod ref 1`] = `
"# Simple Note Ref

# Header

body text"
`;
