// Jest Snapshot v1, https://goo.gl/fbAQLP

exports[`WHEN run 'dendron note lookup' AND WHEN lookup note and --output = markdown_dendron THEN get note body in markdown_dendron 1`] = `
"---
id: foo
title: Foo
desc: ''
updated: 1
created: 1
---
foo body
"
`;

exports[`WHEN run 'dendron note lookup' AND WHEN lookup note with no vault specified and --output = md_gfm THEN get note body in mardkown_gfm 1`] = `
"# Foo

foo.ch1 body"
`;
