// Jest Snapshot v1, https://goo.gl/fbAQLP

exports[`SiteUtils per hierarchy config mult hiearchy, diff publishByDefault 1`] = `
Object {
  "bar": Object {
    "body": "bar body
",
    "children": Array [],
    "created": "1",
    "custom": Object {
      "nav_order": 1,
    },
    "data": Object {},
    "desc": "",
    "fname": "bar",
    "id": "bar",
    "links": Array [],
    "parent": null,
    "title": "Bar",
    "type": "note",
    "updated": "1",
    "vault": Object {
      "fsPath": "vault2",
    },
  },
  "foo": Object {
    "body": "foo body
",
    "children": Array [
      "foo.ch1",
    ],
    "created": "1",
    "custom": Object {
      "nav_order": 0,
      "permalink": "/",
    },
    "data": Object {},
    "desc": "",
    "fname": "foo",
    "id": "foo",
    "links": Array [],
    "parent": null,
    "schema": Object {
      "moduleId": "foo",
      "schemaId": "foo",
    },
    "title": "Foo",
    "type": "note",
    "updated": "1",
    "vault": Object {
      "fsPath": "vault1",
    },
  },
  "foo.ch1": Object {
    "body": "foo.ch1 body
",
    "children": Array [],
    "created": "1",
    "custom": Object {},
    "data": Object {},
    "desc": "",
    "fname": "foo.ch1",
    "id": "foo.ch1",
    "links": Array [],
    "parent": "foo",
    "schema": Object {
      "moduleId": "foo",
      "schemaId": "ch1",
    },
    "title": "Ch1",
    "type": "note",
    "updated": "1",
    "vault": Object {
      "fsPath": "vault1",
    },
  },
}
`;
